******************************************************************************
                  TI ARM Linker PC v16.9.4                     
******************************************************************************
>> Linked Fri Aug 25 01:07:13 2023

OUTPUT FILE NAME:   <drivers.out>
ENTRY POINT SYMBOL: "_c_int00"  address: 00001f3d


MEMORY CONFIGURATION

         name            origin    length      used     unused   attr    fill
----------------------  --------  ---------  --------  --------  ----  --------
  FLASH                 00000000   00040000  00002211  0003ddef  R  X
  SRAM                  20000000   00008000  0000023d  00007dc3  RW X


SEGMENT ALLOCATION MAP

run origin  load origin   length   init length attrs members
----------  ----------- ---------- ----------- ----- -------
00000000    00000000    00002218   00002218    r-x
  00000000    00000000    0000026c   0000026c    r-- .intvecs
  0000026c    0000026c    00001eea   00001eea    r-x .text
  00002158    00002158    0000006b   0000006b    r-- .const
  000021c8    000021c8    00000050   00000050    r-- .cinit
20000000    20000000    0000023d   00000000    rw-
  20000000    20000000    00000200   00000000    rw- .stack
  20000200    20000200    0000003c   00000000    rw- .data
  2000023c    2000023c    00000001   00000000    rw- .bss


SECTION ALLOCATION MAP

 output                                  attributes/
section   page    origin      length       input sections
--------  ----  ----------  ----------   ----------------
.intvecs   0    00000000    0000026c     
                  00000000    0000026c     tm4c123gh6pm_startup_ccs.obj (.intvecs)

.text      0    0000026c    00001eea     
                  0000026c    000009b2     lcd.obj (.text)
                  00000c1e    00000002     rtsv7M4_T_le_v4SPD16_eabi.lib : mpu_init.obj (.text)
                  00000c20    00000688     gpio.obj (.text)
                  000012a8    00000400     main.obj (.text)
                  000016a8    000002d8     systick.obj (.text)
                  00001980    000001d8     led.obj (.text)
                  00001b58    00000136     rtsv7M4_T_le_v4SPD16_eabi.lib : fd_div_t2.obj (.text)
                  00001c8e    000000be     button.obj (.text)
                  00001d4c    0000009c     rtsv7M4_T_le_v4SPD16_eabi.lib : memcpy_t2.obj (.text)
                  00001de8    0000007a                                   : memset_t2.obj (.text)
                  00001e62    00000002                                   : startup.obj (.text)
                  00001e64    00000070                                   : autoinit.obj (.text)
                  00001ed4    00000068                                   : copy_decompress_lzss.obj (.text:decompress:lzss)
                  00001f3c    00000054                                   : boot.obj (.text)
                  00001f90    00000054                                   : exit.obj (.text)
                  00001fe4    00000054                                   : ltoa.obj (.text)
                  00002038    0000004c                                   : cpy_tbl.obj (.text)
                  00002084    00000044                                   : fd_tou_t2.obj (.text)
                  000020c8    00000038                                   : fs_tod_t2.obj (.text)
                  00002100    00000018                                   : args_main.obj (.text)
                  00002118    00000014                                   : _lock.obj (.text)
                  0000212c    0000000e                                   : copy_decompress_none.obj (.text:decompress:none)
                  0000213a    0000000c                                   : copy_zero_init.obj (.text:decompress:ZI)
                  00002146    0000000c     tm4c123gh6pm_startup_ccs.obj (.text)
                  00002152    00000004     rtsv7M4_T_le_v4SPD16_eabi.lib : pre_init.obj (.text)

.const     0    00002158    0000006b     
                  00002158    00000047     main.obj (.const:$P$T1$2)
                  0000219f    00000009     main.obj (.const:$P$T2$3)
                  000021a8    00000009     main.obj (.const:$P$T3$4)
                  000021b1    00000003     --HOLE-- [fill = 0]
                  000021b4    00000008     main.obj (.const:$P$T4$5)
                  000021bc    00000007     main.obj (.const:$P$T0$1)

.cinit     0    000021c8    00000050     
                  000021c8    00000028     (.cinit..data.load) [load image, compression = lzss]
                  000021f0    0000000c     (__TI_handler_table)
                  000021fc    00000004     --HOLE-- [fill = 0]
                  00002200    00000008     (.cinit..bss.load) [load image, compression = zero_init]
                  00002208    00000010     (__TI_cinit_table)

.init_array 
*          0    00000000    00000000     UNINITIALIZED

.stack     0    20000000    00000200     UNINITIALIZED
                  20000000    00000200     --HOLE--

.data      0    20000200    0000003c     UNINITIALIZED
                  20000200    00000018     gpio.obj (.data:GPIO_PORTS)
                  20000218    0000000c     rtsv7M4_T_le_v4SPD16_eabi.lib : exit.obj (.data:$O1$$)
                  20000224    00000008                                   : _lock.obj (.data:$O1$$)
                  2000022c    00000005     main.obj (.data)
                  20000231    00000003     main.obj (.data:led1)
                  20000234    00000004     rtsv7M4_T_le_v4SPD16_eabi.lib : stkdepth_vars.obj (.data)
                  20000238    00000004     systick.obj (.data)

.bss       0    2000023c    00000001     UNINITIALIZED
                  2000023c    00000001     systick.obj (.bss)

MODULE SUMMARY

       Module                         code   ro data   rw data
       ------                         ----   -------   -------
    .\
       main.obj                       1024   104       8      
       tm4c123gh6pm_startup_ccs.obj   12     620       0      
    +--+------------------------------+------+---------+---------+
       Total:                         1036   724       8      
                                                              
    .\HAL\BUTTON\
       button.obj                     190    0         0      
    +--+------------------------------+------+---------+---------+
       Total:                         190    0         0      
                                                              
    .\HAL\LCD\
       lcd.obj                        2482   0         0      
    +--+------------------------------+------+---------+---------+
       Total:                         2482   0         0      
                                                              
    .\HAL\LED\
       led.obj                        472    0         0      
    +--+------------------------------+------+---------+---------+
       Total:                         472    0         0      
                                                              
    .\MCAL\GPIO\
       gpio.obj                       1672   0         24     
    +--+------------------------------+------+---------+---------+
       Total:                         1672   0         24     
                                                              
    .\MCAL\SYSTICK\
       systick.obj                    728    0         5      
    +--+------------------------------+------+---------+---------+
       Total:                         728    0         5      
                                                              
    C:\ti\ccsv7\tools\compiler\ti-cgt-arm_16.9.4.LTS\lib\rtsv7M4_T_le_v4SPD16_eabi.lib
       fd_div_t2.obj                  310    0         0      
       memcpy_t2.obj                  156    0         0      
       memset_t2.obj                  122    0         0      
       autoinit.obj                   112    0         0      
       copy_decompress_lzss.obj       104    0         0      
       exit.obj                       84     0         12     
       boot.obj                       84     0         0      
       ltoa.obj                       84     0         0      
       cpy_tbl.obj                    76     0         0      
       fd_tou_t2.obj                  68     0         0      
       fs_tod_t2.obj                  56     0         0      
       _lock.obj                      20     0         8      
       args_main.obj                  24     0         0      
       copy_decompress_none.obj       14     0         0      
       copy_zero_init.obj             12     0         0      
       pre_init.obj                   4      0         0      
       stkdepth_vars.obj              0      0         4      
       mpu_init.obj                   2      0         0      
       startup.obj                    2      0         0      
    +--+------------------------------+------+---------+---------+
       Total:                         1334   0         24     
                                                              
       Stack:                         0      0         512    
       Linker Generated:              0      76        0      
    +--+------------------------------+------+---------+---------+
       Grand Total:                   7914   800       573    


LINKER GENERATED COPY TABLES

__TI_cinit_table @ 00002208 records: 2, size/record: 8, table size: 16
	.data: load addr=000021c8, load size=00000028 bytes, run addr=20000200, run size=0000003c bytes, compression=lzss
	.bss: load addr=00002200, load size=00000008 bytes, run addr=2000023c, run size=00000001 bytes, compression=zero_init


LINKER GENERATED HANDLER TABLE

__TI_handler_table @ 000021f0 records: 3, size/record: 4, table size: 12
	index: 0, handler: __TI_decompress_lzss
	index: 1, handler: __TI_decompress_none
	index: 2, handler: __TI_zero_init


GLOBAL SYMBOLS: SORTED ALPHABETICALLY BY Name 

address   name                           
-------   ----                           
00001f91  C$$EXIT                        
0000163f  Counter                        
00002147  ResetISR                       
UNDEFED   SHT$$INIT_ARRAY$$Base          
UNDEFED   SHT$$INIT_ARRAY$$Limit         
00001923  Systick_Handler                
20000200  __STACK_END                    
00000200  __STACK_SIZE                   
20000200  __STACK_TOP                    
00002208  __TI_CINIT_Base                
00002218  __TI_CINIT_Limit               
000021f0  __TI_Handler_Table_Base        
000021fc  __TI_Handler_Table_Limit       
00001e65  __TI_auto_init                 
20000218  __TI_cleanup_ptr               
00001ed5  __TI_decompress_lzss           
0000212d  __TI_decompress_none           
2000021c  __TI_dtors_ptr                 
20000220  __TI_enable_exit_profile_output
ffffffff  __TI_pprof_out_hndl            
ffffffff  __TI_prof_data_size            
ffffffff  __TI_prof_data_start           
00000000  __TI_static_base__             
0000213b  __TI_zero_init                 
00002085  __aeabi_d2uiz                  
00001b59  __aeabi_ddiv                   
000020c9  __aeabi_f2d                    
00001de9  __aeabi_memclr                 
00001de9  __aeabi_memclr4                
00001de9  __aeabi_memclr8                
00001d4d  __aeabi_memcpy                 
00001d4d  __aeabi_memcpy4                
00001d4d  __aeabi_memcpy8                
00001deb  __aeabi_memset                 
00001deb  __aeabi_memset4                
00001deb  __aeabi_memset8                
ffffffff  __binit__                      
ffffffff  __c_args__                     
00001595  __delay_ms                     
000015e1  __delay_us                     
00000c1f  __mpu_init                     
20000000  __stack                        
00002101  _args_main                     
00001f3d  _c_int00                       
20000224  _lock                          
00002127  _nop                           
0000211f  _register_lock                 
00002119  _register_unlock               
00001e63  _system_post_cinit             
00002153  _system_pre_init               
20000228  _unlock                        
00001f95  abort                          
ffffffff  binit                          
00001cb5  button_get_state               
00001c8f  button_init                    
00002039  copy_in                        
2000022c  count                          
00001f9d  exit                           
00000000  g_pfnVectors                   
00000c9d  gpioGetPinSate                 
00000c21  gpioPinInit                    
00000d73  gpioPortClkEnable              
00000d21  gpioSetPinState                
00000cdf  gpioTogglePinstate             
000002ef  lcd_init                       
000006d7  lcd_send_chr                   
000008bb  lcd_send_chr_pos               
000004e7  lcd_send_command               
00000b83  lcd_send_custome_chr_pos       
00000ab1  lcd_send_floatNumber           
00000a45  lcd_send_number                
000009b9  lcd_send_number_pos            
0000090f  lcd_send_string                
00000969  lcd_send_string_pos            
0000026d  lcd_set_cursor                 
20000231  led1                           
000019dd  led_get_state                  
00001981  led_init                       
00001afd  led_toggle                     
00001a9f  led_turn_off                   
00001a41  led_turn_on                    
00001fe5  ltoa                           
000012a9  main                           
20000234  main_func_sp                   
00001d4d  memcpy                         
00001df1  memset                         
20000230  resetFlag                      
00001701  systickDeInit                  
000016a9  systickInit                    
00001741  systickSetBusyWait             
00001875  systickSetPeriodicInterval     
000017c1  systickSetSingleInterval       


GLOBAL SYMBOLS: SORTED BY Symbol Address 

address   name                           
-------   ----                           
00000000  __TI_static_base__             
00000000  g_pfnVectors                   
00000200  __STACK_SIZE                   
0000026d  lcd_set_cursor                 
000002ef  lcd_init                       
000004e7  lcd_send_command               
000006d7  lcd_send_chr                   
000008bb  lcd_send_chr_pos               
0000090f  lcd_send_string                
00000969  lcd_send_string_pos            
000009b9  lcd_send_number_pos            
00000a45  lcd_send_number                
00000ab1  lcd_send_floatNumber           
00000b83  lcd_send_custome_chr_pos       
00000c1f  __mpu_init                     
00000c21  gpioPinInit                    
00000c9d  gpioGetPinSate                 
00000cdf  gpioTogglePinstate             
00000d21  gpioSetPinState                
00000d73  gpioPortClkEnable              
000012a9  main                           
00001595  __delay_ms                     
000015e1  __delay_us                     
0000163f  Counter                        
000016a9  systickInit                    
00001701  systickDeInit                  
00001741  systickSetBusyWait             
000017c1  systickSetSingleInterval       
00001875  systickSetPeriodicInterval     
00001923  Systick_Handler                
00001981  led_init                       
000019dd  led_get_state                  
00001a41  led_turn_on                    
00001a9f  led_turn_off                   
00001afd  led_toggle                     
00001b59  __aeabi_ddiv                   
00001c8f  button_init                    
00001cb5  button_get_state               
00001d4d  __aeabi_memcpy                 
00001d4d  __aeabi_memcpy4                
00001d4d  __aeabi_memcpy8                
00001d4d  memcpy                         
00001de9  __aeabi_memclr                 
00001de9  __aeabi_memclr4                
00001de9  __aeabi_memclr8                
00001deb  __aeabi_memset                 
00001deb  __aeabi_memset4                
00001deb  __aeabi_memset8                
00001df1  memset                         
00001e63  _system_post_cinit             
00001e65  __TI_auto_init                 
00001ed5  __TI_decompress_lzss           
00001f3d  _c_int00                       
00001f91  C$$EXIT                        
00001f95  abort                          
00001f9d  exit                           
00001fe5  ltoa                           
00002039  copy_in                        
00002085  __aeabi_d2uiz                  
000020c9  __aeabi_f2d                    
00002101  _args_main                     
00002119  _register_unlock               
0000211f  _register_lock                 
00002127  _nop                           
0000212d  __TI_decompress_none           
0000213b  __TI_zero_init                 
00002147  ResetISR                       
00002153  _system_pre_init               
000021f0  __TI_Handler_Table_Base        
000021fc  __TI_Handler_Table_Limit       
00002208  __TI_CINIT_Base                
00002218  __TI_CINIT_Limit               
20000000  __stack                        
20000200  __STACK_END                    
20000200  __STACK_TOP                    
20000218  __TI_cleanup_ptr               
2000021c  __TI_dtors_ptr                 
20000220  __TI_enable_exit_profile_output
20000224  _lock                          
20000228  _unlock                        
2000022c  count                          
20000230  resetFlag                      
20000231  led1                           
20000234  main_func_sp                   
ffffffff  __TI_pprof_out_hndl            
ffffffff  __TI_prof_data_size            
ffffffff  __TI_prof_data_start           
ffffffff  __binit__                      
ffffffff  __c_args__                     
ffffffff  binit                          
UNDEFED   SHT$$INIT_ARRAY$$Base          
UNDEFED   SHT$$INIT_ARRAY$$Limit         

[92 symbols]
